Resolving dependencies...
Downloading packages...
  flutter_lints 4.0.0 (6.0.0 available)
  lints 4.0.0 (6.1.0 available)
  matcher 0.12.19 (0.12.20 available)
  meta 1.17.0 (1.18.2 available)
  test_api 0.7.10 (0.7.12 available)
  vector_math 2.2.0 (2.3.0 available)
  video_player_android 2.9.5 (2.9.6 available)
Got dependencies!
7 packages have newer versions incompatible with dependency constraints.
Try `flutter pub outdated` for more information.
This application is not configured to build on the web.
To add web support to a project, run `flutter create .`.
Launching lib\main.dart on Chrome in debug mode...
Waiting for connection from debug service on Chrome...             22.5s

Flutter run key commands.
r Hot reload. 
R Hot restart.
h List all available interactive commands.
d Detach (terminate "flutter run" but leave application running).
c Clear the screen
q Quit (terminate the application on the device).

Debug service listening on ws://127.0.0.1:57361/B4v1Zo6fa14=/ws
A Dart VM Service on Chrome is available at: http://127.0.0.1:57361/B4v1Zo6fa14=
The Flutter DevTools debugger and profiler on Chrome is available at: http://127.0.0.1:57361/B4v1Zo6fa14=/devtools/?uri=ws://127.0.0.1:57361/B4v1Zo6fa14=/ws
Starting application from main method in: org-dartlang-app:/web_entrypoint.dart.
RANKINGS selectedCategory=batting selectedFormat=test
RANKINGS GET /rankings?gender=men&category=batting&format=test
RANKINGS rows=15 first=Joe Root
RANKINGS selectedCategory=bowling selectedFormat=test
RANKINGS GET /rankings?gender=men&category=bowling&format=test
DartError: setState() callback argument returned a Future.
The setState() method on _RankingsScreenState#b22ea was called with a closure or method that returned a Future. Maybe it is marked as "async".
Instead of performing asynchronous work inside a call to setState(), first execute the work (without updating the widget state), and then synchronously update the state inside a call to setState().
dart-sdk/lib/_internal/js_dev_runtime/private/ddc_runtime/errors.dart 274:3       throw_
package:flutter/src/widgets/framework.dart 1202:9                                 <fn>
package:flutter/src/widgets/framework.dart 1217:14                                setState
package:cricpro_flutter/screens/rankings/rankings_screen.dart 62:5                [_reload]
package:cricpro_flutter/screens/rankings/rankings_screen.dart 196:5               <fn>
dart-sdk/lib/_internal/js_dev_runtime/patch/async_patch.dart 623:19               <fn>
dart-sdk/lib/_internal/js_dev_runtime/patch/async_patch.dart 648:23               <fn>
dart-sdk/lib/_internal/js_dev_runtime/patch/async_patch.dart 594:19               <fn>
dart-sdk/lib/async/zone.dart 962:54                                               runUnary
dart-sdk/lib/async/future_impl.dart 222:18                                        handleValue
dart-sdk/lib/async/future_impl.dart 948:44                                        handleValueCallback
dart-sdk/lib/async/future_impl.dart 977:13                                        _propagateToListeners
dart-sdk/lib/async/future_impl.dart 720:5                                         [_completeWithValue]
dart-sdk/lib/async/future_impl.dart 804:7                                         <fn>
dart-sdk/lib/async/schedule_microtask.dart 40:34                                  _microtaskLoop
dart-sdk/lib/async/schedule_microtask.dart 49:5                                   _startMicrotaskLoop
dart-sdk/lib/_internal/js_dev_runtime/private/ddc_runtime/operations.dart 118:77  tear
dart-sdk/lib/_internal/js_dev_runtime/patch/async_patch.dart 188:69               <fn>
RANKINGS rows=15 first=Jasprit Bumrah
RANKINGS selectedCategory=allrounder selectedFormat=test
RANKINGS GET /rankings?gender=men&category=allrounder&format=test
DartError: setState() callback argument returned a Future.
The setState() method on _RankingsScreenState#b22ea was called with a closure or method that returned a Future. Maybe it is marked as "async".
Instead of performing asynchronous work inside a call to setState(), first execute the work (without updating the widget state), and then synchronously update the state inside a call to setState().
dart-sdk/lib/_internal/js_dev_runtime/private/ddc_runtime/errors.dart 274:3       throw_
package:flutter/src/widgets/framework.dart 1202:9                                 <fn>
package:flutter/src/widgets/framework.dart 1217:14                                setState
package:cricpro_flutter/screens/rankings/rankings_screen.dart 62:5                [_reload]
package:cricpro_flutter/screens/rankings/rankings_screen.dart 196:5               <fn>
dart-sdk/lib/_internal/js_dev_runtime/patch/async_patch.dart 623:19               <fn>
dart-sdk/lib/_internal/js_dev_runtime/patch/async_patch.dart 648:23               <fn>
dart-sdk/lib/_internal/js_dev_runtime/patch/async_patch.dart 594:19               <fn>
dart-sdk/lib/async/zone.dart 962:54                                               runUnary
dart-sdk/lib/async/future_impl.dart 222:18                                        handleValue
dart-sdk/lib/async/future_impl.dart 948:44                                        handleValueCallback
dart-sdk/lib/async/future_impl.dart 977:13                                        _propagateToListeners
dart-sdk/lib/async/future_impl.dart 720:5                                         [_completeWithValue]
dart-sdk/lib/async/future_impl.dart 804:7                                         <fn>
dart-sdk/lib/async/schedule_microtask.dart 40:34                                  _microtaskLoop
dart-sdk/lib/async/schedule_microtask.dart 49:5                                   _startMicrotaskLoop
dart-sdk/lib/_internal/js_dev_runtime/private/ddc_runtime/operations.dart 118:77  tear
dart-sdk/lib/_internal/js_dev_runtime/patch/async_patch.dart 188:69               <fn>
RANKINGS rows=15 first=Ravindra Jadeja
RANKINGS selectedCategory=teams selectedFormat=test
RANKINGS GET /rankings?gender=men&category=teams&format=test
DartError: setState() callback argument returned a Future.
The setState() method on _RankingsScreenState#b22ea was called with a closure or method that returned a Future. Maybe it is marked as "async".
Instead of performing asynchronous work inside a call to setState(), first execute the work (without updating the widget state), and then synchronously update the state inside a call to setState().
dart-sdk/lib/_internal/js_dev_runtime/private/ddc_runtime/errors.dart 274:3       throw_
package:flutter/src/widgets/framework.dart 1202:9                                 <fn>
package:flutter/src/widgets/framework.dart 1217:14                                setState
package:cricpro_flutter/screens/rankings/rankings_screen.dart 62:5                [_reload]
package:cricpro_flutter/screens/rankings/rankings_screen.dart 196:5               <fn>
dart-sdk/lib/_internal/js_dev_runtime/patch/async_patch.dart 623:19               <fn>
dart-sdk/lib/_internal/js_dev_runtime/patch/async_patch.dart 648:23               <fn>
dart-sdk/lib/_internal/js_dev_runtime/patch/async_patch.dart 594:19               <fn>
dart-sdk/lib/async/zone.dart 962:54                                               runUnary
dart-sdk/lib/async/future_impl.dart 222:18                                        handleValue
dart-sdk/lib/async/future_impl.dart 948:44                                        handleValueCallback
dart-sdk/lib/async/future_impl.dart 977:13                                        _propagateToListeners
dart-sdk/lib/async/future_impl.dart 720:5                                         [_completeWithValue]
dart-sdk/lib/async/future_impl.dart 804:7                                         <fn>
dart-sdk/lib/async/schedule_microtask.dart 40:34                                  _microtaskLoop
dart-sdk/lib/async/schedule_microtask.dart 49:5                                   _startMicrotaskLoop
dart-sdk/lib/_internal/js_dev_runtime/private/ddc_runtime/operations.dart 118:77  tear
dart-sdk/lib/_internal/js_dev_runtime/patch/async_patch.dart 188:69               <fn>
RANKINGS rows=10 first=Australia
RANKINGS selectedCategory=teams selectedFormat=odi
RANKINGS GET /rankings?gender=men&category=teams&format=odi
DartError: setState() callback argument returned a Future.
The setState() method on _RankingsScreenState#b22ea was called with a closure or method that returned a Future. Maybe it is marked as "async".
Instead of performing asynchronous work inside a call to setState(), first execute the work (without updating the widget state), and then synchronously update the state inside a call to setState().
dart-sdk/lib/_internal/js_dev_runtime/private/ddc_runtime/errors.dart 274:3       throw_
package:flutter/src/widgets/framework.dart 1202:9                                 <fn>
package:flutter/src/widgets/framework.dart 1217:14                                setState
package:cricpro_flutter/screens/rankings/rankings_screen.dart 62:5                [_reload]
package:cricpro_flutter/screens/rankings/rankings_screen.dart 196:5               <fn>
dart-sdk/lib/_internal/js_dev_runtime/patch/async_patch.dart 623:19               <fn>
dart-sdk/lib/_internal/js_dev_runtime/patch/async_patch.dart 648:23               <fn>
dart-sdk/lib/_internal/js_dev_runtime/patch/async_patch.dart 594:19               <fn>
dart-sdk/lib/async/zone.dart 962:54                                               runUnary
dart-sdk/lib/async/future_impl.dart 222:18                                        handleValue
dart-sdk/lib/async/future_impl.dart 948:44                                        handleValueCallback
dart-sdk/lib/async/future_impl.dart 977:13                                        _propagateToListeners
dart-sdk/lib/async/future_impl.dart 720:5                                         [_completeWithValue]
dart-sdk/lib/async/future_impl.dart 804:7                                         <fn>
dart-sdk/lib/async/schedule_microtask.dart 40:34                                  _microtaskLoop
dart-sdk/lib/async/schedule_microtask.dart 49:5                                   _startMicrotaskLoop
dart-sdk/lib/_internal/js_dev_runtime/private/ddc_runtime/operations.dart 118:77  tear
dart-sdk/lib/_internal/js_dev_runtime/patch/async_patch.dart 188:69               <fn>
RANKINGS rows=20 first=India
Starting application from main method in: org-dartlang-app:/web_entrypoint.dart.
Starting application from main method in: org-dartlang-app:/web_entrypoint.dart.
RANKINGS selectedCategory=batting selectedFormat=test
RANKINGS GET /rankings?gender=men&category=batting&format=test
RANKINGS rows=15 first=Joe Root
RANKINGS selectedCategory=bowling selectedFormat=test
RANKINGS GET /rankings?gender=men&category=bowling&format=test
DartError: setState() callback argument returned a Future.
The setState() method on _RankingsScreenState#797f2 was called with a closure or method that returned a Future. Maybe it is marked as "async".
Instead of performing asynchronous work inside a call to setState(), first execute the work (without updating the widget state), and then synchronously update the state inside a call to setState().
dart-sdk/lib/_internal/js_dev_runtime/private/ddc_runtime/errors.dart 274:3       throw_
package:flutter/src/widgets/framework.dart 1202:9                                 <fn>
package:flutter/src/widgets/framework.dart 1217:14                                setState
package:cricpro_flutter/screens/rankings/rankings_screen.dart 62:5                [_reload]
package:cricpro_flutter/screens/rankings/rankings_screen.dart 196:5               <fn>
dart-sdk/lib/_internal/js_dev_runtime/patch/async_patch.dart 623:19               <fn>
dart-sdk/lib/_internal/js_dev_runtime/patch/async_patch.dart 648:23               <fn>
dart-sdk/lib/_internal/js_dev_runtime/patch/async_patch.dart 594:19               <fn>
dart-sdk/lib/async/zone.dart 962:54                                               runUnary
dart-sdk/lib/async/future_impl.dart 222:18                                        handleValue
dart-sdk/lib/async/future_impl.dart 948:44                                        handleValueCallback
dart-sdk/lib/async/future_impl.dart 977:13                                        _propagateToListeners
dart-sdk/lib/async/future_impl.dart 720:5                                         [_completeWithValue]
dart-sdk/lib/async/future_impl.dart 804:7                                         <fn>
dart-sdk/lib/async/schedule_microtask.dart 40:34                                  _microtaskLoop
dart-sdk/lib/async/schedule_microtask.dart 49:5                                   _startMicrotaskLoop
dart-sdk/lib/_internal/js_dev_runtime/private/ddc_runtime/operations.dart 118:77  tear
dart-sdk/lib/_internal/js_dev_runtime/patch/async_patch.dart 188:69               <fn>
RANKINGS rows=15 first=Jasprit Bumrah
Starting application from main method in: org-dartlang-app:/web_entrypoint.dart.
RANKINGS selectedCategory=batting selectedFormat=test
RANKINGS GET /rankings?gender=men&category=batting&format=test
RANKINGS rows=15 first=Joe Root
Starting application from main method in: org-dartlang-app:/web_entrypoint.dart.
RANKINGS selectedCategory=batting selectedFormat=test
RANKINGS GET /rankings?gender=men&category=batting&format=test
RANKINGS rows=15 first=Joe Root
Starting application from main method in: org-dartlang-app:/web_entrypoint.dart.
RANKINGS selectedCategory=batting selectedFormat=test
RANKINGS GET /rankings?gender=men&category=batting&format=test
RANKINGS rows=15 first=Joe Root
RANKINGS selectedCategory=bowling selectedFormat=test
RANKINGS GET /rankings?gender=men&category=bowling&format=test
DartError: setState() callback argument returned a Future.
The setState() method on _RankingsScreenState#4730f was called with a closure or method that returned a Future. Maybe it is marked as "async".
Instead of performing asynchronous work inside a call to setState(), first execute the work (without updating the widget state), and then synchronously update the state inside a call to setState().
dart-sdk/lib/_internal/js_dev_runtime/private/ddc_runtime/errors.dart 274:3       throw_
package:flutter/src/widgets/framework.dart 1202:9                                 <fn>
package:flutter/src/widgets/framework.dart 1217:14                                setState
package:cricpro_flutter/screens/rankings/rankings_screen.dart 62:5                [_reload]
package:cricpro_flutter/screens/rankings/rankings_screen.dart 196:5               <fn>
dart-sdk/lib/_internal/js_dev_runtime/patch/async_patch.dart 623:19               <fn>
dart-sdk/lib/_internal/js_dev_runtime/patch/async_patch.dart 648:23               <fn>
dart-sdk/lib/_internal/js_dev_runtime/patch/async_patch.dart 594:19               <fn>
dart-sdk/lib/async/zone.dart 962:54                                               runUnary
dart-sdk/lib/async/future_impl.dart 222:18                                        handleValue
dart-sdk/lib/async/future_impl.dart 948:44                                        handleValueCallback
dart-sdk/lib/async/future_impl.dart 977:13                                        _propagateToListeners
dart-sdk/lib/async/future_impl.dart 720:5                                         [_completeWithValue]
dart-sdk/lib/async/future_impl.dart 804:7                                         <fn>
dart-sdk/lib/async/schedule_microtask.dart 40:34                                  _microtaskLoop
dart-sdk/lib/async/schedule_microtask.dart 49:5                                   _startMicrotaskLoop
dart-sdk/lib/_internal/js_dev_runtime/private/ddc_runtime/operations.dart 118:77  tear
dart-sdk/lib/_internal/js_dev_runtime/patch/async_patch.dart 188:69               <fn>
RANKINGS rows=15 first=Jasprit Bumrah
RANKINGS selectedCategory=allrounder selectedFormat=test
RANKINGS GET /rankings?gender=men&category=allrounder&format=test
DartError: setState() callback argument returned a Future.
The setState() method on _RankingsScreenState#4730f was called with a closure or method that returned a Future. Maybe it is marked as "async".
Instead of performing asynchronous work inside a call to setState(), first execute the work (without updating the widget state), and then synchronously update the state inside a call to setState().
dart-sdk/lib/_internal/js_dev_runtime/private/ddc_runtime/errors.dart 274:3       throw_
package:flutter/src/widgets/framework.dart 1202:9                                 <fn>
package:flutter/src/widgets/framework.dart 1217:14                                setState
package:cricpro_flutter/screens/rankings/rankings_screen.dart 62:5                [_reload]
package:cricpro_flutter/screens/rankings/rankings_screen.dart 196:5               <fn>
dart-sdk/lib/_internal/js_dev_runtime/patch/async_patch.dart 623:19               <fn>
dart-sdk/lib/_internal/js_dev_runtime/patch/async_patch.dart 648:23               <fn>
dart-sdk/lib/_internal/js_dev_runtime/patch/async_patch.dart 594:19               <fn>
dart-sdk/lib/async/zone.dart 962:54                                               runUnary
dart-sdk/lib/async/future_impl.dart 222:18                                        handleValue
dart-sdk/lib/async/future_impl.dart 948:44                                        handleValueCallback
dart-sdk/lib/async/future_impl.dart 977:13                                        _propagateToListeners
dart-sdk/lib/async/future_impl.dart 720:5                                         [_completeWithValue]
dart-sdk/lib/async/future_impl.dart 804:7                                         <fn>
dart-sdk/lib/async/schedule_microtask.dart 40:34                                  _microtaskLoop
dart-sdk/lib/async/schedule_microtask.dart 49:5                                   _startMicrotaskLoop
dart-sdk/lib/_internal/js_dev_runtime/private/ddc_runtime/operations.dart 118:77  tear
dart-sdk/lib/_internal/js_dev_runtime/patch/async_patch.dart 188:69               <fn>
RANKINGS rows=15 first=Ravindra Jadeja
RANKINGS selectedCategory=teams selectedFormat=test
RANKINGS GET /rankings?gender=men&category=teams&format=test
DartError: setState() callback argument returned a Future.
The setState() method on _RankingsScreenState#4730f was called with a closure or method that returned a Future. Maybe it is marked as "async".
Instead of performing asynchronous work inside a call to setState(), first execute the work (without updating the widget state), and then synchronously update the state inside a call to setState().
dart-sdk/lib/_internal/js_dev_runtime/private/ddc_runtime/errors.dart 274:3       throw_
package:flutter/src/widgets/framework.dart 1202:9                                 <fn>
package:flutter/src/widgets/framework.dart 1217:14                                setState
package:cricpro_flutter/screens/rankings/rankings_screen.dart 62:5                [_reload]
package:cricpro_flutter/screens/rankings/rankings_screen.dart 196:5               <fn>
dart-sdk/lib/_internal/js_dev_runtime/patch/async_patch.dart 623:19               <fn>
dart-sdk/lib/_internal/js_dev_runtime/patch/async_patch.dart 648:23               <fn>
dart-sdk/lib/_internal/js_dev_runtime/patch/async_patch.dart 594:19               <fn>
dart-sdk/lib/async/zone.dart 962:54                                               runUnary
dart-sdk/lib/async/future_impl.dart 222:18                                        handleValue
dart-sdk/lib/async/future_impl.dart 948:44                                        handleValueCallback
dart-sdk/lib/async/future_impl.dart 977:13                                        _propagateToListeners
dart-sdk/lib/async/future_impl.dart 720:5                                         [_completeWithValue]
dart-sdk/lib/async/future_impl.dart 804:7                                         <fn>
dart-sdk/lib/async/schedule_microtask.dart 40:34                                  _microtaskLoop
dart-sdk/lib/async/schedule_microtask.dart 49:5                                   _startMicrotaskLoop
dart-sdk/lib/_internal/js_dev_runtime/private/ddc_runtime/operations.dart 118:77  tear
dart-sdk/lib/_internal/js_dev_runtime/patch/async_patch.dart 188:69               <fn>
RANKINGS rows=10 first=Australia
Starting application from main method in: org-dartlang-app:/web_entrypoint.dart.
RANKINGS selectedCategory=batting selectedFormat=test
RANKINGS GET /rankings?gender=men&category=batting&format=test
RANKINGS rows=15 first=Joe Root
RANKINGS selectedCategory=bowling selectedFormat=test
RANKINGS GET /rankings?gender=men&category=bowling&format=test
DartError: setState() callback argument returned a Future.
The setState() method on _RankingsScreenState#3f448 was called with a closure or method that returned a Future. Maybe it is marked as "async".
Instead of performing asynchronous work inside a call to setState(), first execute the work (without updating the widget state), and then synchronously update the state inside a call to setState().
dart-sdk/lib/_internal/js_dev_runtime/private/ddc_runtime/errors.dart 274:3       throw_
package:flutter/src/widgets/framework.dart 1202:9                                 <fn>
package:flutter/src/widgets/framework.dart 1217:14                                setState
package:cricpro_flutter/screens/rankings/rankings_screen.dart 62:5                [_reload]
package:cricpro_flutter/screens/rankings/rankings_screen.dart 196:5               <fn>
dart-sdk/lib/_internal/js_dev_runtime/patch/async_patch.dart 623:19               <fn>
dart-sdk/lib/_internal/js_dev_runtime/patch/async_patch.dart 648:23               <fn>
dart-sdk/lib/_internal/js_dev_runtime/patch/async_patch.dart 594:19               <fn>
dart-sdk/lib/async/zone.dart 962:54                                               runUnary
dart-sdk/lib/async/future_impl.dart 222:18                                        handleValue
dart-sdk/lib/async/future_impl.dart 948:44                                        handleValueCallback
dart-sdk/lib/async/future_impl.dart 977:13                                        _propagateToListeners
dart-sdk/lib/async/future_impl.dart 720:5                                         [_completeWithValue]
dart-sdk/lib/async/future_impl.dart 804:7                                         <fn>
dart-sdk/lib/async/schedule_microtask.dart 40:34                                  _microtaskLoop
dart-sdk/lib/async/schedule_microtask.dart 49:5                                   _startMicrotaskLoop
dart-sdk/lib/_internal/js_dev_runtime/private/ddc_runtime/operations.dart 118:77  tear
dart-sdk/lib/_internal/js_dev_runtime/patch/async_patch.dart 188:69               <fn>
RANKINGS rows=15 first=Jasprit Bumrah
RANKINGS selectedCategory=allrounder selectedFormat=test
RANKINGS GET /rankings?gender=men&category=allrounder&format=test
DartError: setState() callback argument returned a Future.
The setState() method on _RankingsScreenState#3f448 was called with a closure or method that returned a Future. Maybe it is marked as "async".
Instead of performing asynchronous work inside a call to setState(), first execute the work (without updating the widget state), and then synchronously update the state inside a call to setState().
dart-sdk/lib/_internal/js_dev_runtime/private/ddc_runtime/errors.dart 274:3       throw_
package:flutter/src/widgets/framework.dart 1202:9                                 <fn>
package:flutter/src/widgets/framework.dart 1217:14                                setState
package:cricpro_flutter/screens/rankings/rankings_screen.dart 62:5                [_reload]
package:cricpro_flutter/screens/rankings/rankings_screen.dart 196:5               <fn>
dart-sdk/lib/_internal/js_dev_runtime/patch/async_patch.dart 623:19               <fn>
dart-sdk/lib/_internal/js_dev_runtime/patch/async_patch.dart 648:23               <fn>
dart-sdk/lib/_internal/js_dev_runtime/patch/async_patch.dart 594:19               <fn>
dart-sdk/lib/async/zone.dart 962:54                                               runUnary
dart-sdk/lib/async/future_impl.dart 222:18                                        handleValue
dart-sdk/lib/async/future_impl.dart 948:44                                        handleValueCallback
dart-sdk/lib/async/future_impl.dart 977:13                                        _propagateToListeners
dart-sdk/lib/async/future_impl.dart 720:5                                         [_completeWithValue]
dart-sdk/lib/async/future_impl.dart 804:7                                         <fn>
dart-sdk/lib/async/schedule_microtask.dart 40:34                                  _microtaskLoop
dart-sdk/lib/async/schedule_microtask.dart 49:5                                   _startMicrotaskLoop
dart-sdk/lib/_internal/js_dev_runtime/private/ddc_runtime/operations.dart 118:77  tear
dart-sdk/lib/_internal/js_dev_runtime/patch/async_patch.dart 188:69               <fn>
RANKINGS rows=15 first=Ravindra Jadeja
RANKINGS selectedCategory=batting selectedFormat=test
RANKINGS GET /rankings?gender=men&category=batting&format=test
DartError: setState() callback argument returned a Future.
The setState() method on _RankingsScreenState#3f448 was called with a closure or method that returned a Future. Maybe it is marked as "async".
Instead of performing asynchronous work inside a call to setState(), first execute the work (without updating the widget state), and then synchronously update the state inside a call to setState().
dart-sdk/lib/_internal/js_dev_runtime/private/ddc_runtime/errors.dart 274:3       throw_
package:flutter/src/widgets/framework.dart 1202:9                                 <fn>
package:flutter/src/widgets/framework.dart 1217:14                                setState
package:cricpro_flutter/screens/rankings/rankings_screen.dart 62:5                [_reload]
package:cricpro_flutter/screens/rankings/rankings_screen.dart 196:5               <fn>
dart-sdk/lib/_internal/js_dev_runtime/patch/async_patch.dart 623:19               <fn>
dart-sdk/lib/_internal/js_dev_runtime/patch/async_patch.dart 648:23               <fn>
dart-sdk/lib/_internal/js_dev_runtime/patch/async_patch.dart 594:19               <fn>
dart-sdk/lib/async/zone.dart 962:54                                               runUnary
dart-sdk/lib/async/future_impl.dart 222:18                                        handleValue
dart-sdk/lib/async/future_impl.dart 948:44                                        handleValueCallback
dart-sdk/lib/async/future_impl.dart 977:13                                        _propagateToListeners
dart-sdk/lib/async/future_impl.dart 720:5                                         [_completeWithValue]
dart-sdk/lib/async/future_impl.dart 804:7                                         <fn>
dart-sdk/lib/async/schedule_microtask.dart 40:34                                  _microtaskLoop
dart-sdk/lib/async/schedule_microtask.dart 49:5                                   _startMicrotaskLoop
dart-sdk/lib/_internal/js_dev_runtime/private/ddc_runtime/operations.dart 118:77  tear
dart-sdk/lib/_internal/js_dev_runtime/patch/async_patch.dart 188:69               <fn>
RANKINGS rows=15 first=Joe Root
