Resolving dependencies...
Downloading packages...
  flutter_lints 4.0.0 (6.0.0 available)
  lints 4.0.0 (6.1.0 available)
  matcher 0.12.19 (0.12.20 available)
  meta 1.17.0 (1.18.2 available)
  test_api 0.7.10 (0.7.12 available)
  vector_math 2.2.0 (2.3.0 available)
  video_player_android 2.9.5 (2.9.6 available)
Got dependencies!
7 packages have newer versions incompatible with dependency constraints.
Try `flutter pub outdated` for more information.
This application is not configured to build on the web.
To add web support to a project, run `flutter create .`.
Launching lib\main.dart on Chrome in debug mode...
Waiting for connection from debug service on Chrome...             36.4s

Flutter run key commands.
r Hot reload. 
R Hot restart.
h List all available interactive commands.
d Detach (terminate "flutter run" but leave application running).
c Clear the screen
q Quit (terminate the application on the device).

Debug service listening on ws://127.0.0.1:52266/tweYTam-o1E=/ws
A Dart VM Service on Chrome is available at: http://127.0.0.1:52266/tweYTam-o1E=
The Flutter DevTools debugger and profiler on Chrome is available at: http://127.0.0.1:52266/tweYTam-o1E=/devtools/?uri=ws://127.0.0.1:52266/tweYTam-o1E=/ws
Starting application from main method in: org-dartlang-app:/web_entrypoint.dart.
SERIES_TAP id=11641 name=Afghanistan Tour Of India 2026 raw=11641/Afghanistan Tour Of India 2026
SeriesDetail opened with seriesId=11641 seriesName=Afghanistan Tour Of India 2026
API GET /series/11641
API GET /series/11641/schedule
SERIES_DETAIL selectedId=11641 selectedName=Afghanistan Tour Of India 2026 overviewMatches=0
SERIES_TAP id=9241 name=Indian Premier League 2026 raw=9241/Indian Premier League 2026
SeriesDetail opened with seriesId=9241 seriesName=Indian Premier League 2026
API GET /series/9241
API GET /series/9241/schedule
SERIES_DETAIL selectedId=9241 selectedName=Indian Premier League 2026 overviewMatches=74
API GET /series/9241/matches
SERIES_DETAIL selectedId=9241 selectedName=Indian Premier League 2026 matchesCount=74
API GET /series/9241/teams
SERIES_DETAIL selectedId=9241 selectedName=Indian Premier League 2026 teamsCount=10
SERIES_DETAIL selectedId=9241 selectedName=Indian Premier League 2026 teamsCount=10
SERIES_DETAIL selectedId=9241 selectedName=Indian Premier League 2026 teamsCount=10
API GET /points-table/9241
API GET /series/9241/stats
SERIES_DETAIL selectedId=9241 selectedName=Indian Premier League 2026 pointsRows=10 battingRows=15 bowlingRows=15
SERIES_TAP id=10543 name=India Women Tour Of England 2026 raw=10543/India Women Tour Of England 2026
SeriesDetail opened with seriesId=10543 seriesName=India Women Tour Of England 2026
API GET /series/10543
API GET /series/10543/schedule
SERIES_DETAIL selectedId=10543 selectedName=India Women Tour Of England 2026 overviewMatches=1
