SocketException: The remote computer refused the network connection (OS Error: The remote computer refused the network connection, errno = 1225), address = localhost, port = 51234
#0      _NativeSocket.startConnect (dart:io-patch/socket_patch.dart:817:35)
#1      _RawSocket.startConnect (dart:io-patch/socket_patch.dart:2281:26)
#2      RawSocket.startConnect (dart:io-patch/socket_patch.dart:41:23)
#3      Socket._startConnect (dart:io-patch/socket_patch.dart:2542:22)
#4      Socket.startConnect (dart:io/socket.dart:897:21)
#5      _ConnectionTarget.connect (dart:_http/http_impl.dart:2699:20)
#6      _HttpClient._getConnection.connect (dart:_http/http_impl.dart:3193:12)
#7      _HttpClient._getConnection (dart:_http/http_impl.dart:3198:12)
#8      _HttpClient._openUrl (dart:_http/http_impl.dart:3021:12)
#9      _HttpClient.getUrl (dart:_http/http_impl.dart:2868:48)
#10     ChromeConnection.getUrl (package:webkit_inspection_protocol/webkit_inspection_protocol.dart:108:33)
#11     ChromeConnection.getTabs (package:webkit_inspection_protocol/webkit_inspection_protocol.dart:53:26)
#12     Chromium._validateChromeConnection (package:flutter_tools/src/web/chrome.dart:535:61)
<asynchronous suspension>
#13     ChromiumLauncher.connect (package:flutter_tools/src/web/chrome.dart:475:9)
<asynchronous suspension>
#14     ChromiumDevice.startApp (package:flutter_tools/src/web/web_device.dart:140:17)
<asynchronous suspension>
#15     ResidentWebRunner.run.<anonymous closure> (package:flutter_tools/src/isolated/resident_web_runner.dart:367:9)
<asynchronous suspension>
#16     asyncGuard.<anonymous closure> (package:flutter_tools/src/base/async_guard.dart:108:24)
<asynchronous suspension>

Unable to connect to Chrome debug port: 49226
 SocketException: The remote computer refused the network connection (OS Error: The remote computer refused the network connection, errno = 1225), address = localhost, port = 51234
